Vercel CLI 61.1.0 (Node.js 22.19.0)
Deploying awakenwithmeheck
Uploading [--------------------] (0.0B/63B)
Uploading [====================] (63.0B/63B)
  Inspect         https://vercel.com/dhruv-yadavs-projects-2d5ef84a/awakenwithmeheck/Cb7AidiecEHEFZQsPayiYHgcrNRu
  Production      https://awakenwithmeheck-3c2r5b5ag-dhruv-yadavs-projects-2d5ef84a.vercel.app
Building…
Building…
Running build in Washington, D.C., USA (East) – iad1
Build machine configuration: 2 cores, 8 GB
Retrieving list of deployment files...
Downloading 148 deployment files...
Restored build cache from previous deployment (DwEkhZ7AgvExmhhGHeswJ5q69Scr)
Running "vercel build"
Vercel CLI 61.1.0
Installing dependencies...
up to date in 2s
150 packages are looking for funding
run `npm fund` for details
npm warn install-scripts 1 package has install scripts not yet covered by allowScripts:
npm warn install-scripts   unrs-resolver@1.12.2 (postinstall: node postinstall.js)
npm warn install-scripts
npm warn install-scripts Run `npm install-scripts ls` to review, or `npm install-scripts approve <pkg>` to allow.
Detected Next.js version: 16.3.6
Running "npm run build"
> awakenwithme@0.1.0 build
> next build
▲ Next.js 16.3.6 (Turbopack)
Applying modifyConfig from Vercel
✓ Running next.config.mjs took 475ms
Creating an optimized production build ...
✓ Compiled successfully in 893ms
Running TypeScript ...
Finished TypeScript in 3ms ...
Collecting page data using 1 worker ...
Generating static pages using 1 worker (0/25) ...
Generating static pages using 1 worker (6/25)
Generating static pages using 1 worker (12/25)
Generating static pages using 1 worker (18/25)
✓ Generating static pages using 1 worker (25/25) in 1053ms
Finalizing page optimization ...
Running onBuildComplete from Vercel
Route (app)
┌ ○ /
├ ○ /_not-found
├ ƒ /[...segments]
├ ○ /about
├ ○ /auth/login
├ ○ /auth/register
├ ○ /become-a-facilitator
├ ○ /blog
├ ○ /cart
├ ○ /classes
├ ○ /contact
├ ○ /facilitators
├ ○ /infinity
├ ○ /infinity/membership
├ ○ /meditations
├ ○ /privacy-policy
├ ○ /profile
├ ○ /refund-policy
├ ƒ /search
├ ○ /shop
├ ○ /start-here
├ ○ /terms
├ ○ /testimonials
└ ○ /workshops
○  (Static)   prerendered as static content
ƒ  (Dynamic)  server-rendered on demand
Build Completed in /vercel/output [9s]
Deploying outputs...
[2K[1A[2K[G  Production      https://awakenwithmeheck-3c2r5b5ag-dhruv-yadavs-projects-2d5ef84a.vercel.app
Completing…
▲ Aliased         https://awakenwithmeheck.vercel.app
